// Jest Snapshot v1, https://goo.gl/fbAQLP

exports[`<FAB/> Snapshot Test 1`] = `
<View
  accessibilityComponentType={undefined}
  accessibilityLabel={undefined}
  accessibilityTraits={undefined}
  accessible={true}
  hasTVPreferredFocus={undefined}
  hitSlop={undefined}
  isTVSelectable={true}
  nativeID={undefined}
  onLayout={undefined}
  onResponderGrant={[Function]}
  onResponderMove={[Function]}
  onResponderRelease={[Function]}
  onResponderTerminate={[Function]}
  onResponderTerminationRequest={[Function]}
  onStartShouldSetResponder={[Function]}
  style={
    Object {
      "backgroundColor": "#258AE7",
      "borderRadius": 25,
      "bottom": 0,
      "elevation": 6,
      "height": 50,
      "justifyContent": "center",
      "margin": 16,
      "padding": 6,
      "position": "absolute",
      "right": 0,
      "shadowColor": "#000",
      "shadowOffset": Object {
        "height": 4,
        "width": 0,
      },
      "shadowOpacity": 0.8,
      "shadowRadius": 2,
      "width": 50,
      "zIndex": 5,
    }
  }
  testID={undefined}
  tvParallaxProperties={undefined}
>
  <Image
    source={1}
    style={
      Object {
        "alignSelf": "center",
        "height": 24,
        "width": 24,
      }
    }
  />
</View>
`;
