// Jest Snapshot v1, https://goo.gl/fbAQLP

exports[`<ListItem/> Snapshot Test 1`] = `
<View
  accessibilityComponentType={undefined}
  accessibilityLabel={undefined}
  accessibilityTraits={undefined}
  accessible={true}
  hasTVPreferredFocus={undefined}
  hitSlop={undefined}
  isTVSelectable={true}
  nativeID={undefined}
  onLayout={undefined}
  onResponderGrant={[Function]}
  onResponderMove={[Function]}
  onResponderRelease={[Function]}
  onResponderTerminate={[Function]}
  onResponderTerminationRequest={[Function]}
  onStartShouldSetResponder={[Function]}
  style={
    Object {
      "backgroundColor": "#FF473A",
      "borderRadius": 6,
      "elevation": 6,
      "flexDirection": "column",
      "justifyContent": "center",
      "margin": 8,
      "padding": 6,
      "shadowColor": "#000",
      "shadowOffset": Object {
        "height": 4,
        "width": 0,
      },
      "shadowOpacity": 0.8,
      "shadowRadius": 2,
    }
  }
  testID={undefined}
  tvParallaxProperties={undefined}
>
  <View
    style={null}
  >
    <View
      style={
        Object {
          "flex": 1,
          "flexDirection": "row",
          "justifyContent": "space-between",
          "margin": 8,
        }
      }
    >
      <Text
        accessible={true}
        allowFontScaling={true}
        ellipsizeMode="tail"
        style={
          Object {
            "color": "#FFFFFF",
            "flex": 0.5,
            "fontSize": 16,
          }
        }
      >
        Symbol: 
        BTC
      </Text>
      <Text
        accessible={true}
        allowFontScaling={true}
        ellipsizeMode="tail"
        style={
          Object {
            "color": "#FFFFFF",
            "flex": 0.5,
            "fontSize": 16,
          }
        }
      >
        Rank: 
        1
      </Text>
    </View>
    <View
      style={
        Object {
          "flex": 1,
          "flexDirection": "row",
          "justifyContent": "space-between",
          "margin": 8,
        }
      }
    >
      <Text
        accessible={true}
        allowFontScaling={true}
        ellipsizeMode="tail"
        style={
          Object {
            "color": "#FFFFFF",
            "flex": 0.5,
            "fontSize": 16,
          }
        }
      >
        Price: 
        $ 10838.8
      </Text>
      <Text
        accessible={true}
        allowFontScaling={true}
        ellipsizeMode="tail"
        style={
          Object {
            "color": "#FFFFFF",
            "flex": 0.5,
            "fontSize": 16,
          }
        }
      >
        Change (24h): 
        0.71
        %
      </Text>
    </View>
  </View>
</View>
`;
